// Jest Snapshot v1, https://goo.gl/fbAQLP

exports[`renders navItems correctly 1`] = `
<div
  className="sc-bdVaJa knAKLA"
>
  <div
    className="small-nav"
  >
    <div
      onClick={[Function]}
      style={
        Object {
          "fontWeight": "bold",
        }
      }
    >
      navitem1
    </div>
    <div
      onClick={[Function]}
      style={
        Object {
          "fontWeight": "normal",
        }
      }
    >
      navitem2
    </div>
  </div>
  <div
    className="nav-content"
  >
    <div>
      Hello world, this is component1
    </div>
  </div>
</div>
`;
